// Jest Snapshot v1, https://goo.gl/fbAQLP

exports[`(Layout) Navbar 1`] = `
<nav
  className="navbar navbar-toggleable navbar-light bg-faded"
>
  <button
    className="navbar-toggler navbar-toggler-right"
    onClick={[Function]}
    type="button"
  >
    <span
      className="navbar-toggler-icon"
    />
  </button>
  <a
    aria-current="true"
    className="navbar-brand active"
    href="#/"
    onClick={[Function]}
    style={Object {}}
  >
    Vortex React
  </a>
  <div
    className="collapse navbar-collapse"
    style={Object {}}
  >
    <ul
      className="ml-auto navbar-nav"
    >
      <a
        aria-current={false}
        className="nav-link"
        href="#/zenPage"
        onClick={[Function]}
        onMouseOver={[Function]}
        style={undefined}
      >
        Zen
      </a>
      <a
        className="nav-link"
        href="#"
        onClick={[Function]}
      >
        Sign out
      </a>
      <a
        className="nav-link"
        href="https://github.com/YutHelloWorld/vortex-react"
        onClick={[Function]}
      >
        Github
      </a>
    </ul>
  </div>
</nav>
`;

exports[`(Layout) Navbar 2`] = `
<nav
  className="navbar navbar-toggleable navbar-light bg-faded"
>
  <button
    className="navbar-toggler navbar-toggler-right"
    onClick={[Function]}
    type="button"
  >
    <span
      className="navbar-toggler-icon"
    />
  </button>
  <a
    aria-current="true"
    className="navbar-brand active"
    href="#/"
    onClick={[Function]}
    style={Object {}}
  >
    Vortex React
  </a>
  <div
    className="collapse navbar-collapse"
    style={Object {}}
  >
    <ul
      className="ml-auto navbar-nav"
    >
      <a
        aria-current={false}
        className="nav-link"
        href="#/zenPage"
        onClick={[Function]}
        onMouseOver={[Function]}
        style={undefined}
      >
        Zen
      </a>
      <a
        className="nav-link"
        href="#"
        onClick={[Function]}
      >
        Sign out
      </a>
      <a
        className="nav-link"
        href="https://github.com/YutHelloWorld/vortex-react"
        onClick={[Function]}
      >
        Github
      </a>
    </ul>
  </div>
</nav>
`;
